\BOOKMARK [1][-]{section.1}{\376\377\000P\000r\000e\000a\000m\000b\000l\000e}{}% 1
\BOOKMARK [2][-]{subsection.1.1}{\376\377\000B\000e\000g\000i\000n\000\040\000d\000o\000c\000u\000m\000e\000n\000t\000\040\000w\000i\000t\000h\000\040\000f\000o\000n\000t\000s\000p\000e\000c}{section.1}% 2
\BOOKMARK [2][-]{subsection.1.2}{\376\377\000D\000e\000c\000l\000a\000r\000e\000\040\000f\000o\000n\000t\000\040\000\050\000i\000n\000\040\000y\000o\000u\000r\000\040\000s\000y\000s\000t\000e\000m\000\051}{section.1}% 3
\BOOKMARK [1][-]{section.2}{\376\377\000C\000a\000l\000l\000\040\000t\000h\000e\000\040\000f\000u\000n\000c\000t\000i\000o\000n\000\040\000i\000n\000s\000i\000d\000e\000\040\000t\000h\000e\000\040\000d\000o\000c\000u\000m\000e\000n\000t}{}% 4
\BOOKMARK [1][-]{section.3}{\376\377\000N\000o\000t\000e}{}% 5
